Configuration on demand is an incubating feature.
> Task :app:checkKotlinGradlePluginConfigurationErrors SKIPPED
> Task :app:preBuild UP-TO-DATE
> Task :app:preDebugBuild UP-TO-DATE
> Task :app:checkDebugAarMetadata UP-TO-DATE
> Task :app:generateDebugResValues UP-TO-DATE
> Task :app:mapDebugSourceSetPaths UP-TO-DATE
> Task :app:generateDebugResources UP-TO-DATE
> Task :app:mergeDebugResources UP-TO-DATE
> Task :app:packageDebugResources UP-TO-DATE
> Task :app:parseDebugLocalResources UP-TO-DATE
> Task :app:createDebugCompatibleScreenManifests UP-TO-DATE
> Task :app:extractDeepLinksDebug UP-TO-DATE
> Task :app:processDebugMainManifest UP-TO-DATE
> Task :app:processDebugManifest UP-TO-DATE
> Task :app:processDebugManifestForPackage UP-TO-DATE
> Task :app:processDebugResources UP-TO-DATE
> Task :app:kspDebugKotlin
> Task :app:compileDebugKotlin
w: file:///C:/Users/bremi/Androidprojects/pesa%20app%20-%20Copy%20-%20Copy/app/src/main/java/com/axis/app/ui/MainActivity.kt:235:17 'fun Divider(modifier: Modifier = ..., thickness: Dp = ..., color: Color = ...): Unit' is deprecated. Renamed to HorizontalDivider.
w: file:///C:/Users/bremi/Androidprojects/pesa%20app%20-%20Copy%20-%20Copy/app/src/main/java/com/axis/app/ui/screens/AnalyticsScreen.kt:92:41 'val Icons.Filled.TrendingUp: ImageVector' is deprecated. Use the AutoMirrored version at Icons.AutoMirrored.Filled.TrendingUp.
w: file:///C:/Users/bremi/Androidprojects/pesa%20app%20-%20Copy%20-%20Copy/app/src/main/java/com/axis/app/ui/screens/AnalyticsScreen.kt:99:57 'val Icons.Filled.TrendingDown: ImageVector' is deprecated. Use the AutoMirrored version at Icons.AutoMirrored.Filled.TrendingDown.
w: file:///C:/Users/bremi/Androidprojects/pesa%20app%20-%20Copy%20-%20Copy/app/src/main/java/com/axis/app/ui/screens/AnalyticsScreen.kt:99:88 'val Icons.Filled.TrendingUp: ImageVector' is deprecated. Use the AutoMirrored version at Icons.AutoMirrored.Filled.TrendingUp.
w: file:///C:/Users/bremi/Androidprojects/pesa%20app%20-%20Copy%20-%20Copy/app/src/main/java/com/axis/app/ui/screens/BudgetScreen.kt:167:108 'val Icons.Filled.TrendingUp: ImageVector' is deprecated. Use the AutoMirrored version at Icons.AutoMirrored.Filled.TrendingUp.
w: file:///C:/Users/bremi/Androidprojects/pesa%20app%20-%20Copy%20-%20Copy/app/src/main/java/com/axis/app/ui/screens/ConnectionsScreen.kt:78:40 'val Icons.Filled.ArrowBack: ImageVector' is deprecated. Use the AutoMirrored version at Icons.AutoMirrored.Filled.ArrowBack.
w: file:///C:/Users/bremi/Androidprojects/pesa%20app%20-%20Copy%20-%20Copy/app/src/main/java/com/axis/app/ui/screens/DashboardScreen.kt:586:60 'val Icons.Filled.TrendingUp: ImageVector' is deprecated. Use the AutoMirrored version at Icons.AutoMirrored.Filled.TrendingUp.
w: file:///C:/Users/bremi/Androidprojects/pesa%20app%20-%20Copy%20-%20Copy/app/src/main/java/com/axis/app/ui/screens/FrequentTransactionsScreen.kt:57:40 'val Icons.Filled.ArrowBack: ImageVector' is deprecated. Use the AutoMirrored version at Icons.AutoMirrored.Filled.ArrowBack.
w: file:///C:/Users/bremi/Androidprojects/pesa%20app%20-%20Copy%20-%20Copy/app/src/main/java/com/axis/app/ui/screens/GoalsScreen.kt:57:40 'val Icons.Filled.ArrowBack: ImageVector' is deprecated. Use the AutoMirrored version at Icons.AutoMirrored.Filled.ArrowBack.
w: file:///C:/Users/bremi/Androidprojects/pesa%20app%20-%20Copy%20-%20Copy/app/src/main/java/com/axis/app/ui/screens/ProfileDetailsScreen.kt:41:40 'val Icons.Filled.ArrowBack: ImageVector' is deprecated. Use the AutoMirrored version at Icons.AutoMirrored.Filled.ArrowBack.
w: file:///C:/Users/bremi/Androidprojects/pesa%20app%20-%20Copy%20-%20Copy/app/src/main/java/com/axis/app/ui/screens/SettingsScreen.kt:106:66 'fun String.capitalize(): String' is deprecated. Use replaceFirstChar instead.
w: file:///C:/Users/bremi/Androidprojects/pesa%20app%20-%20Copy%20-%20Copy/app/src/main/java/com/axis/app/ui/screens/TransactionsScreen.kt:169:47 'val Icons.Filled.ReceiptLong: ImageVector' is deprecated. Use the AutoMirrored version at Icons.AutoMirrored.Filled.ReceiptLong.

BUILD SUCCESSFUL in 50s
15 actionable tasks: 2 executed, 13 up-to-date
